Starting V2 comprehensive endpoint tests...
1. Health check: 200 { status: 'ok', message: 'API is running' }
2. Register parent (with DOB): 201 User registered successfully.
3. Login parent: 200 parent
4. Parent Profile fetch: 200 parent1775347044676@bmhs.test
5. Parent fetch requests: 200 Empty Array
6. Login Super Admin: 401 undefined
7. Super Admin fetch staff list: 401 { message: 'Authentication required. No token provided.' }
8. Login Viewer (Principal): 401 undefined
9. Viewer Sandbox GET test: 401 { message: 'Authentication required. No token provided.' }
10. Viewer Sandbox PATCH reject test: 401 Authentication required. No token provided.

All V2 essential endpoints and role sandboxes verified!
